
> remitwise-frontend@0.1.0 build
> next build

   ▲ Next.js 15.5.12

   Creating an optimized production build ...
npm : Failed to 
compile.
At line:1 char:1
+ npm run build > 
build_output.txt 2>&1
+ ~~~~~~~~~~~~~~~~~~~
~~~~~~~~~~~~~~~~~~
    + CategoryInfo   
           : NotSpe  
  cified: (Failed    
 to compile.:Stri    
ng) [], RemoteEx    
ception
    + FullyQualified 
   ErrorId : Native  
  CommandError
 

./app/api/remittance/
emergency/build/route
.ts
Module not found: 
Can't resolve 'uuid'

https://nextjs.org/do
cs/messages/module-no
t-found

./services/event-stor
age-service.ts
Module not found: 
Can't resolve 'uuid'

https://nextjs.org/do
cs/messages/module-no
t-found

Import trace for 
requested module:
./app/api/remittance/
emergency/build/route
.ts


> Build failed 
because of webpack 
errors
